4808: 4808.test: hGetLine: illegal operation (handle is closed)
